../Core/Src/main.c:114:6:microDelay	16	static
../Core/Src/main.c:120:9:getHX711	24	static
../Core/Src/main.c:147:5:weigh	32	static
../Core/Src/main.c:168:5:main	72	static
../Core/Src/main.c:282:6:SystemClock_Config	72	static
../Core/Src/main.c:322:13:MX_I2C1_Init	8	static
../Core/Src/main.c:356:13:MX_I2C2_Init	8	static
../Core/Src/main.c:390:13:MX_TIM2_Init	32	static
../Core/Src/main.c:435:13:MX_GPIO_Init	40	static
../Core/Src/main.c:469:6:DS1307_gettime	16	static
../Core/Src/main.c:481:6:DS1307_SetRegByte	32	static
../Core/Src/main.c:485:9:DS1307_GetClockHalt	8	static
../Core/Src/main.c:489:6:DS1307_settime	32	static
../Core/Src/main.c:503:9:DS1307_GetRegByte	32	static
../Core/Src/main.c:509:6:DS1307_SetClockHalt	24	static
../Core/Src/main.c:519:6:DS1307_SetTimeZone	16	static
../Core/Src/main.c:523:6:DS1307_config	8	static
../Core/Src/main.c:527:9:DS1307_DecodeBCD	16	static
../Core/Src/main.c:531:9:DS1307_EncodeBCD	16	static
../Core/Src/main.c:540:6:Error_Handler	4	static,ignoring_inline_asm
